// Jest Snapshot v1, https://goo.gl/fbAQLP

exports[`'should create default instance' 1`] = `
Object {
  "addChild": [Function],
  "beforeDestroy": [Function],
  "beforeMount": [Function],
  "beforeRender": [Function],
  "beforeUnmount": [Function],
  "beforeUpdate": [Function],
  "componentDidMount": [Function],
  "componentDidUpdate": [Function],
  "componentWillMount": [Function],
  "componentWillReceiveProps": [Function],
  "componentWillUnmount": [Function],
  "componentWillUpdate": [Function],
  "created": [Function],
  "destroyed": [Function],
  "getChildren": [Function],
  "layoutComponents": [Function],
  "mounted": [Function],
  "preferredSize": [Function],
  "render": [Function],
  "reset": [Function],
  "resize": [Function],
  "settingsUpdated": [Function],
  "shouldComponentUpdate": [Function],
  "update": [Function],
  "updated": [Function],
  "visible": true,
}
`;
